// Jest Snapshot v1, https://goo.gl/fbAQLP

exports[`pages/Todos/Item should match snapshot 1`] = `
<div>
  <div
    class="d-flex flex-row p-2 align-items-center list-group-item"
  >
    <label
      class="label-big-holder"
    >
      <div
        class=""
      >
        <input
          class="form-check-input"
          type="checkbox"
        />
      </div>
    </label>
    <div
      class="flex-fill px-2"
    >
      Fix content
    </div>
    <button
      aria-label="Close"
      class="btn-close"
      type="button"
    />
  </div>
</div>
`;
