// Jest Snapshot v1, https://goo.gl/fbAQLP

exports[`App should connected service & match snapshot 1`] = `
<div>
  <div
    class="pages"
  >
    Pages
  </div>
</div>
`;
