// Jest Snapshot v1, https://goo.gl/fbAQLP

exports[`pages/Login/Form: match snapshot 1`] = `
<div>
  <form
    class=""
  >
    <label
      class="form-group mb-4 d-block"
    >
      <input
        class="form-control form-control-lg"
        placeholder="Enter a valid email address"
        type="email"
      />
      <span
        class="form-label"
      >
        Email address
      </span>
    </label>
    <label
      class="form-group mb-4 d-block"
    >
      <input
        class="form-control form-control-lg"
        placeholder="Enter password"
        type="password"
      />
      <span
        class="form-label"
      >
        Password
      </span>
    </label>
    <div
      class="d-flex justify-content-between align-items-center"
    >
      <div
        class="form-check"
      >
        <input
          class="form-check-input"
          type="checkbox"
        />
        <label
          class="form-check-label"
          title=""
        >
          Remember me
        </label>
      </div>
      <a
        class="text-body"
        href="#!"
      >
        Forgot password?
      </a>
    </div>
    <div
      class="text-center text-lg-start mt-4 pt-2"
    >
      <button
        class="px-2 w-100 btn btn-primary btn-lg"
        type="submit"
      >
        Login
      </button>
      <p
        class="small fw-bold my-2 pt-1"
      >
        Don't have an account?
         
        <a
          class="link-danger"
          href="/#!"
        >
          Register
        </a>
      </p>
    </div>
  </form>
</div>
`;
