// Jest Snapshot v1, https://goo.gl/fbAQLP

exports[`pages/Login: match snapshot 1`] = `
<div>
  <section
    class="vh-100 d-flex flex-column justify-content-between"
  >
    <div />
    <div
      class="container-fluid"
    >
      <div
        class="row d-flex justify-content-center align-items-center h-100"
      >
        <div
          class="col-md-9 col-lg-6 col-xl-5"
        >
          <img
            alt="Sample image"
            class="img-fluid"
            src="https://mdbcdn.b-cdn.net/img/Photos/new-templates/bootstrap-login-form/draw2.webp"
          />
        </div>
        <div
          class="col-md-8 col-lg-6 col-xl-4 offset-xl-1"
        >
          LoginForm
        </div>
      </div>
    </div>
    <div
      class="d-flex flex-column flex-md-row text-center text-md-start justify-content-between py-4 px-4 px-xl-5 bg-primary"
    >
      <div
        class="text-white mb-3 mb-md-0"
      >
        Copyright Â© 2020. All rights reserved.
      </div>
    </div>
  </section>
</div>
`;
